[36mvite v5.4.21 [32mbuilding for production...[36m[39m
transforming...
[32m✓[39m 97 modules transformed.
rendering chunks...
computing gzip size...
[2mdist/[22m[32mindex.html                 [39m[1m[2m  0.73 kB[22m[1m[22m[2m │ gzip:   0.42 kB[22m
[2mdist/[22m[35massets/index-CuKOtTY4.css  [39m[1m[2m 12.54 kB[22m[1m[22m[2m │ gzip:   3.38 kB[22m
[2mdist/[22m[36massets/index-Bu8BzmbJ.js   [39m[1m[2m383.99 kB[22m[1m[22m[2m │ gzip: 102.18 kB[22m
[32m✓ built in 1.57s[39m
